Copyright 1986-2017 Xilinx, Inc. All Rights Reserved.
--------------------------------------------------------------------------------------------------------------------------------------------------------------------------------------------------
| Tool Version : Vivado v.2017.4 (lin64) Build 2086221 Fri Dec 15 20:54:30 MST 2017
| Date         : Sun Jun  3 19:00:28 2018
| Host         : david-Lenovo-U31-70 running 64-bit elementary OS 0.4.1 Loki
| Command      : report_methodology -file StreamCopIPCore_v1_0_methodology_drc_routed.rpt -pb StreamCopIPCore_v1_0_methodology_drc_routed.pb -rpx StreamCopIPCore_v1_0_methodology_drc_routed.rpx
| Design       : StreamCopIPCore_v1_0
| Device       : xc7a100tcsg324-1
| Speed File   : -1
| Design State : Routed
--------------------------------------------------------------------------------------------------------------------------------------------------------------------------------------------------

Report Methodology

Table of Contents
-----------------
1. REPORT SUMMARY
2. REPORT DETAILS

1. REPORT SUMMARY
-----------------
            Netlist: netlist
          Floorplan: design_1
      Design limits: <entire design considered>
             Max violations: <unlimited>
             Violations found: 0
+------+----------+-------------+------------+
| Rule | Severity | Description | Violations |
+------+----------+-------------+------------+
+------+----------+-------------+------------+

2. REPORT DETAILS
-----------------

